Found 250 subject folders

Final counts:
  ADC files: 250
  DWI files: 250
  Segmentation files: 250
----------------------------------------------------------------------------------------------------
epoch 1/150
/home/students/Downloads/training2.py:651: FutureWarning: `torch.cuda.amp.GradScaler(args...)` is deprecated. Please use `torch.amp.GradScaler('cuda', args...)` instead.
  scaler = torch.cuda.amp.GradScaler(enabled=(device.type=="cuda"))
  0%|                                                                                                                              | 0/88 [00:00<?, ?it/s]/home/students/Downloads/training2.py:660: FutureWarning: `torch.cuda.amp.autocast(args...)` is deprecated. Please use `torch.amp.autocast('cuda', args...)` instead.
  with torch.cuda.amp.autocast(enabled=(device.type=="cuda")):
/home/students/.local/lib/python3.10/site-packages/monai/losses/dice.py:175: UserWarning: single channel prediction, `include_background=False` ignored.
  warnings.warn("single channel prediction, `include_background=False` ignored.")
100%|█████████████████████████████████████████████████████████████████████████████████████████████████████████████████████| 88/88 [02:20<00:00,  1.60s/it]
epoch 1 train: loss=0.2994 | dice=0.4177 | CE=0.1745 | dLoss=0.8237 | P=0.5488 | R=0.5804
100%|█████████████████████████████████████████████████████████████████████████████████████████████████████████████████████| 60/60 [00:29<00:00,  2.06it/s]
epoch 1 val: dice=0.4912 | CE=0.1138 | dLoss=0.6149 | P=0.6770 | R=0.4779
     -> val dice (ISLES): 0.4912
----------------------------------------------------------------------------------------------------
epoch 2/150
100%|█████████████████████████████████████████████████████████████████████████████████████████████████████████████████████| 88/88 [02:13<00:00,  1.52s/it]
epoch 2 train: loss=0.2325 | dice=0.4716 | CE=0.0809 | dLoss=0.6938 | P=0.6136 | R=0.5708
100%|█████████████████████████████████████████████████████████████████████████████████████████████████████████████████████| 60/60 [00:30<00:00,  1.94it/s]
epoch 2 val: dice=0.5642 | CE=0.1243 | dLoss=0.4860 | P=0.6405 | R=0.6166
     -> val dice (ISLES): 0.5642
----------------------------------------------------------------------------------------------------
epoch 3/150
100%|█████████████████████████████████████████████████████████████████████████████████████████████████████████████████████| 88/88 [02:16<00:00,  1.56s/it]
epoch 3 train: loss=0.2195 | dice=0.4982 | CE=0.0758 | dLoss=0.6558 | P=0.6596 | R=0.6008
100%|█████████████████████████████████████████████████████████████████████████████████████████████████████████████████████| 60/60 [00:29<00:00,  2.02it/s]
epoch 3 val: dice=0.5816 | CE=0.1233 | dLoss=0.4814 | P=0.6067 | R=0.6656
     -> val dice (ISLES): 0.5816
----------------------------------------------------------------------------------------------------
epoch 4/150
100%|█████████████████████████████████████████████████████████████████████████████████████████████████████████████████████| 88/88 [02:16<00:00,  1.55s/it]
epoch 4 train: loss=0.2125 | dice=0.5362 | CE=0.0835 | dLoss=0.6245 | P=0.6983 | R=0.6063
100%|█████████████████████████████████████████████████████████████████████████████████████████████████████████████████████| 60/60 [00:30<00:00,  1.97it/s]
epoch 4 val: dice=0.5788 | CE=0.1418 | dLoss=0.4536 | P=0.7194 | R=0.5576
     -> val dice (ISLES): 0.5788
----------------------------------------------------------------------------------------------------
epoch 5/150
100%|█████████████████████████████████████████████████████████████████████████████████████████████████████████████████████| 88/88 [02:13<00:00,  1.51s/it]
epoch 5 train: loss=0.2065 | dice=0.5358 | CE=0.0728 | dLoss=0.6156 | P=0.6981 | R=0.6038
100%|█████████████████████████████████████████████████████████████████████████████████████████████████████████████████████| 60/60 [00:31<00:00,  1.93it/s]
epoch 5 val: dice=0.5909 | CE=0.1417 | dLoss=0.4358 | P=0.7249 | R=0.5797
     -> val dice (ISLES): 0.5909
----------------------------------------------------------------------------------------------------
epoch 6/150
100%|█████████████████████████████████████████████████████████████████████████████████████████████████████████████████████| 88/88 [02:15<00:00,  1.54s/it]
epoch 6 train: loss=0.2068 | dice=0.5426 | CE=0.0782 | dLoss=0.6108 | P=0.7172 | R=0.6199
100%|█████████████████████████████████████████████████████████████████████████████████████████████████████████████████████| 60/60 [00:30<00:00,  1.98it/s]
epoch 6 val: dice=0.6157 | CE=0.1363 | dLoss=0.4095 | P=0.6880 | R=0.6507
     -> val dice (ISLES): 0.6157
----------------------------------------------------------------------------------------------------
epoch 7/150
100%|█████████████████████████████████████████████████████████████████████████████████████████████████████████████████████| 88/88 [02:15<00:00,  1.54s/it]
epoch 7 train: loss=0.2032 | dice=0.5537 | CE=0.0815 | dLoss=0.5958 | P=0.7312 | R=0.6322
100%|█████████████████████████████████████████████████████████████████████████████████████████████████████████████████████| 60/60 [00:30<00:00,  1.99it/s]
epoch 7 val: dice=0.6363 | CE=0.1278 | dLoss=0.4028 | P=0.7594 | R=0.6235
     -> val dice (ISLES): 0.6363
----------------------------------------------------------------------------------------------------
epoch 8/150
100%|█████████████████████████████████████████████████████████████████████████████████████████████████████████████████████| 88/88 [02:18<00:00,  1.58s/it]
epoch 8 train: loss=0.1927 | dice=0.5919 | CE=0.0654 | dLoss=0.5770 | P=0.7669 | R=0.6517
100%|█████████████████████████████████████████████████████████████████████████████████████████████████████████████████████| 60/60 [00:30<00:00,  1.99it/s]
epoch 8 val: dice=0.5031 | CE=0.1626 | dLoss=0.5419 | P=0.4990 | R=0.7903
     -> val dice (ISLES): 0.5031
----------------------------------------------------------------------------------------------------
epoch 9/150
100%|█████████████████████████████████████████████████████████████████████████████████████████████████████████████████████| 88/88 [02:15<00:00,  1.55s/it]
epoch 9 train: loss=0.1932 | dice=0.5834 | CE=0.0667 | dLoss=0.5772 | P=0.7611 | R=0.6700
100%|█████████████████████████████████████████████████████████████████████████████████████████████████████████████████████| 60/60 [00:30<00:00,  1.98it/s]
epoch 9 val: dice=0.6097 | CE=0.1268 | dLoss=0.4111 | P=0.8051 | R=0.5579
     -> val dice (ISLES): 0.6097
----------------------------------------------------------------------------------------------------
epoch 10/150
100%|█████████████████████████████████████████████████████████████████████████████████████████████████████████████████████| 88/88 [02:10<00:00,  1.48s/it]
epoch 10 train: loss=0.1850 | dice=0.6198 | CE=0.0590 | dLoss=0.5578 | P=0.8038 | R=0.7022
100%|█████████████████████████████████████████████████████████████████████████████████████████████████████████████████████| 60/60 [00:29<00:00,  2.01it/s]
epoch 10 val: dice=0.6355 | CE=0.1340 | dLoss=0.3784 | P=0.8259 | R=0.5908
     -> val dice (ISLES): 0.6355
----------------------------------------------------------------------------------------------------
epoch 11/150
100%|█████████████████████████████████████████████████████████████████████████████████████████████████████████████████████| 88/88 [02:14<00:00,  1.53s/it]
epoch 11 train: loss=0.1893 | dice=0.5995 | CE=0.0664 | dLoss=0.5646 | P=0.7555 | R=0.6826
100%|█████████████████████████████████████████████████████████████████████████████████████████████████████████████████████| 60/60 [00:30<00:00,  1.96it/s]
epoch 11 val: dice=0.5804 | CE=0.1659 | dLoss=0.4419 | P=0.8694 | R=0.4999
     -> val dice (ISLES): 0.5804
----------------------------------------------------------------------------------------------------
epoch 12/150
100%|█████████████████████████████████████████████████████████████████████████████████████████████████████████████████████| 88/88 [02:19<00:00,  1.59s/it]
epoch 12 train: loss=0.1824 | dice=0.6260 | CE=0.0691 | dLoss=0.5387 | P=0.7890 | R=0.6935
100%|█████████████████████████████████████████████████████████████████████████████████████████████████████████████████████| 60/60 [00:30<00:00,  1.99it/s]
epoch 12 val: dice=0.6593 | CE=0.1029 | dLoss=0.3800 | P=0.6884 | R=0.7279
     -> val dice (ISLES): 0.6593
----------------------------------------------------------------------------------------------------
epoch 13/150
100%|█████████████████████████████████████████████████████████████████████████████████████████████████████████████████████| 88/88 [02:20<00:00,  1.60s/it]
epoch 13 train: loss=0.1809 | dice=0.6257 | CE=0.0614 | dLoss=0.5417 | P=0.7925 | R=0.7162
100%|█████████████████████████████████████████████████████████████████████████████████████████████████████████████████████| 60/60 [00:31<00:00,  1.92it/s]
epoch 13 val: dice=0.6627 | CE=0.1083 | dLoss=0.3610 | P=0.7456 | R=0.6907
     -> val dice (ISLES): 0.6627
----------------------------------------------------------------------------------------------------
epoch 14/150
100%|██████████████████████████████████████████████████████████████████████████████████████████████████████| 88/88 [02:13<00:00,  1.51s/it]
epoch 14 train: loss=0.1752 | dice=0.6450 | CE=0.0576 | dLoss=0.5263 | P=0.8070 | R=0.7392
100%|██████████████████████████████████████████████████████████████████████████████████████████████████████| 60/60 [00:31<00:00,  1.89it/s]
epoch 14 val: dice=0.6385 | CE=0.1317 | dLoss=0.3867 | P=0.7560 | R=0.6413
     -> val dice (ISLES): 0.6385
----------------------------------------------------------------------------------------------------
epoch 15/150
100%|██████████████████████████████████████████████████████████████████████████████████████████████████████| 88/88 [02:15<00:00,  1.55s/it]
epoch 15 train: loss=0.1753 | dice=0.6416 | CE=0.0555 | dLoss=0.5288 | P=0.8128 | R=0.7257
100%|██████████████████████████████████████████████████████████████████████████████████████████████████████| 60/60 [00:30<00:00,  2.00it/s]
epoch 15 val: dice=0.5838 | CE=0.2156 | dLoss=0.4315 | P=0.8396 | R=0.5143
     -> val dice (ISLES): 0.5838
----------------------------------------------------------------------------------------------------
epoch 16/150
100%|██████████████████████████████████████████████████████████████████████████████████████████████████████| 88/88 [02:10<00:00,  1.49s/it]
epoch 16 train: loss=0.1839 | dice=0.6134 | CE=0.0614 | dLoss=0.5517 | P=0.7699 | R=0.7046
100%|██████████████████████████████████████████████████████████████████████████████████████████████████████| 60/60 [00:33<00:00,  1.78it/s]
epoch 16 val: dice=0.6765 | CE=0.1102 | dLoss=0.3463 | P=0.7116 | R=0.7453
     -> val dice (ISLES): 0.6765
----------------------------------------------------------------------------------------------------
epoch 17/150
100%|██████████████████████████████████████████████████████████████████████████████████████████████████████| 88/88 [02:19<00:00,  1.59s/it]
epoch 17 train: loss=0.1728 | dice=0.6434 | CE=0.0562 | dLoss=0.5197 | P=0.8000 | R=0.7424
100%|█████████████████████████████████████████████████████████████████████████████████████████████████████████████████████| 60/60 [00:31<00:00,  1.90it/s]
epoch 17 val: dice=0.6693 | CE=0.1048 | dLoss=0.3565 | P=0.7075 | R=0.7379
     -> val dice (ISLES): 0.6693
----------------------------------------------------------------------------------------------------
epoch 18/150
 93%|█████████████████████████████████████████████████████████████████████████████████████████████████████████████        | 82/88 [02:05<00:07,  1.24s/it]
